// Jest Snapshot v1, https://goo.gl/fbAQLP

exports[`renders without crashing 1`] = `
<Styled(button)>
  <span
    data-name="count"
  >
    4
  </span>
  <div>
    <span
      data-name="title"
    >
      Kiambu
    </span>
    <span
      data-name="description"
    >
      Test Description
    </span>
  </div>
  <svg
    height="24"
    viewBox="0 0 24 24"
    width="24"
    xmlns="http://www.w3.org/2000/svg"
  >
    <path
      className="heroicon-ui"
      d="M4 15a3 3 0 1 1 0-6 3 3 0 0 1 0 6zm0-2a1 1 0 1 0 0-2 1 1 0 0 0 0 2zm8 2a3 3 0 1 1 0-6 3 3 0 0 1 0 6zm0-2a1 1 0 1 0 0-2 1 1 0 0 0 0 2zm8 2a3 3 0 1 1 0-6 3 3 0 0 1 0 6zm0-2a1 1 0 1 0 0-2 1 1 0 0 0 0 2z"
    />
  </svg>
</Styled(button)>
`;
