// Jest Snapshot v1, https://goo.gl/fbAQLP

exports[`Test correct home layout renders without crashing 1`] = `
<Styled(div)>
  <Nav />
  <Styled(div)>
    <Header />
    <Styled(main)>
      <Styled(div)>
        Analytics
      </Styled(div)>
      <Styled(div)>
        <Visits
          activeVisit="1"
          setActiveVisit={[Function]}
          visits={
            Array [
              Object {
                "count": 7,
                "key": "1",
                "title": "Kiambiu",
              },
              Object {
                "count": 12,
                "key": "2",
                "title": "Mkuru Kwa Ruben",
              },
              Object {
                "count": 26,
                "key": "3",
                "title": "Mkuru Kwa Njenga",
              },
              Object {
                "count": 38,
                "key": "4",
                "title": "Baba dogo",
              },
              Object {
                "count": 41,
                "key": "5",
                "title": "Kosovo",
              },
              Object {
                "count": 24,
                "key": "6",
                "title": "Mukuru Kayaba",
              },
            ]
          }
        />
      </Styled(div)>
    </Styled(main)>
  </Styled(div)>
</Styled(div)>
`;
